[debug] [2026-04-04T20:28:17.470Z] ----------------------------------------------------------------------
[debug] [2026-04-04T20:28:17.476Z] Command:       C:\Program Files\nodejs\node.exe C:\Users\it\AppData\Roaming\npm\node_modules\firebase-tools\lib\bin\firebase.js init
[debug] [2026-04-04T20:28:17.477Z] CLI Version:   15.13.0
[debug] [2026-04-04T20:28:17.477Z] Platform:      win32
[debug] [2026-04-04T20:28:17.477Z] Node Version:  v22.20.0
[debug] [2026-04-04T20:28:17.478Z] Time:          Sat Apr 04 2026 22:28:17 GMT+0200 (Eastern European Standard Time)
[debug] [2026-04-04T20:28:17.478Z] ----------------------------------------------------------------------
[debug] 
[info] 
     ######## #### ########  ######## ########     ###     ######  ########
     ##        ##  ##     ## ##       ##     ##  ##   ##  ##       ##
     ######    ##  ########  ######   ########  #########  ######  ######
     ##        ##  ##    ##  ##       ##     ## ##     ##       ## ##
     ##       #### ##     ## ######## ########  ##     ##  ######  ########

You're about to initialize a Firebase project in this directory:

  C:\Users\it\Desktop\My projects\Website for a company\restaurant-app

[info] 
=== Project Setup
[info] 
[info] First, let's associate this project directory with a Firebase project.
[info] You can create multiple project aliases by running firebase use --add, 
[info] 
[debug] [2026-04-04T20:28:52.078Z] > command requires scopes: ["email","openid","https://www.googleapis.com/auth/cloudplatformprojects.readonly","https://www.googleapis.com/auth/firebase","https://www.googleapis.com/auth/cloud-platform"]
[debug] [2026-04-04T20:28:52.079Z] > authorizing via signed-in user (mohamed.a.mansy7@gmail.com)
[debug] [2026-04-04T20:28:52.081Z] Checked if tokens are valid: false, expires at: 1775328218586
[debug] [2026-04-04T20:28:52.082Z] Checked if tokens are valid: false, expires at: 1775328218586
[debug] [2026-04-04T20:28:52.082Z] > refreshing access token with scopes: []
[debug] [2026-04-04T20:28:52.086Z] >>> [apiv2][query] POST https://www.googleapis.com/oauth2/v3/token [none]
[debug] [2026-04-04T20:28:52.087Z] >>> [apiv2][body] POST https://www.googleapis.com/oauth2/v3/token [omitted]
[debug] [2026-04-04T20:28:52.467Z] <<< [apiv2][status] POST https://www.googleapis.com/oauth2/v3/token 200
[debug] [2026-04-04T20:28:52.468Z] <<< [apiv2][body] POST https://www.googleapis.com/oauth2/v3/token [omitted]
[debug] [2026-04-04T20:28:52.519Z] >>> [apiv2][query] GET https://firebase.googleapis.com/v1beta1/projects pageSize=100
[debug] [2026-04-04T20:28:53.278Z] <<< [apiv2][status] GET https://firebase.googleapis.com/v1beta1/projects 200
[debug] [2026-04-04T20:28:53.279Z] <<< [apiv2][body] GET https://firebase.googleapis.com/v1beta1/projects [omitted]
[info] 
=== Dataconnect Setup
[info] i  dataconnect: ensuring required API firebasedataconnect.googleapis.com is enabled... 
[debug] [2026-04-04T20:29:24.855Z] Checked if tokens are valid: true, expires at: 1775338131468
[debug] [2026-04-04T20:29:24.855Z] Checked if tokens are valid: true, expires at: 1775338131468
[info] i  dataconnect: ensuring required API sqladmin.googleapis.com is enabled... 
[debug] [2026-04-04T20:29:24.857Z] Checked if tokens are valid: true, expires at: 1775338131468
[debug] [2026-04-04T20:29:24.857Z] Checked if tokens are valid: true, expires at: 1775338131468
[debug] [2026-04-04T20:29:24.858Z] >>> [apiv2][query] GET https://serviceusage.googleapis.com/v1/projects/restaurant-app-d2fcd/services/firebasedataconnect.googleapis.com [none]
[debug] [2026-04-04T20:29:24.858Z] >>> [apiv2][(partial)header] GET https://serviceusage.googleapis.com/v1/projects/restaurant-app-d2fcd/services/firebasedataconnect.googleapis.com  x-goog-user-project=restaurant-app-d2fcd
[debug] [2026-04-04T20:29:24.861Z] >>> [apiv2][query] GET https://serviceusage.googleapis.com/v1/projects/restaurant-app-d2fcd/services/sqladmin.googleapis.com [none]
[debug] [2026-04-04T20:29:24.861Z] >>> [apiv2][(partial)header] GET https://serviceusage.googleapis.com/v1/projects/restaurant-app-d2fcd/services/sqladmin.googleapis.com  x-goog-user-project=restaurant-app-d2fcd
[debug] [2026-04-04T20:29:26.227Z] <<< [apiv2][status] GET https://serviceusage.googleapis.com/v1/projects/restaurant-app-d2fcd/services/firebasedataconnect.googleapis.com 200
[debug] [2026-04-04T20:29:26.228Z] <<< [apiv2][body] GET https://serviceusage.googleapis.com/v1/projects/restaurant-app-d2fcd/services/firebasedataconnect.googleapis.com [omitted]
[warn] !  dataconnect: missing required API firebasedataconnect.googleapis.com. Enabling now... 
[debug] [2026-04-04T20:29:26.232Z] Checked if tokens are valid: true, expires at: 1775338131468
[debug] [2026-04-04T20:29:26.234Z] Checked if tokens are valid: true, expires at: 1775338131468
[debug] [2026-04-04T20:29:26.235Z] >>> [apiv2][query] POST https://serviceusage.googleapis.com/v1/projects/restaurant-app-d2fcd/services/firebasedataconnect.googleapis.com:enable [none]
[debug] [2026-04-04T20:29:26.235Z] >>> [apiv2][(partial)header] POST https://serviceusage.googleapis.com/v1/projects/restaurant-app-d2fcd/services/firebasedataconnect.googleapis.com:enable  x-goog-user-project=restaurant-app-d2fcd
[debug] [2026-04-04T20:29:26.245Z] <<< [apiv2][status] GET https://serviceusage.googleapis.com/v1/projects/restaurant-app-d2fcd/services/sqladmin.googleapis.com 200
[debug] [2026-04-04T20:29:26.246Z] <<< [apiv2][body] GET https://serviceusage.googleapis.com/v1/projects/restaurant-app-d2fcd/services/sqladmin.googleapis.com [omitted]
[warn] !  dataconnect: missing required API sqladmin.googleapis.com. Enabling now... 
[debug] [2026-04-04T20:29:26.248Z] Checked if tokens are valid: true, expires at: 1775338131468
[debug] [2026-04-04T20:29:26.249Z] Checked if tokens are valid: true, expires at: 1775338131468
[debug] [2026-04-04T20:29:26.250Z] >>> [apiv2][query] POST https://serviceusage.googleapis.com/v1/projects/restaurant-app-d2fcd/services/sqladmin.googleapis.com:enable [none]
[debug] [2026-04-04T20:29:26.250Z] >>> [apiv2][(partial)header] POST https://serviceusage.googleapis.com/v1/projects/restaurant-app-d2fcd/services/sqladmin.googleapis.com:enable  x-goog-user-project=restaurant-app-d2fcd
[debug] [2026-04-04T20:29:27.342Z] <<< [apiv2][status] POST https://serviceusage.googleapis.com/v1/projects/restaurant-app-d2fcd/services/sqladmin.googleapis.com:enable 200
[debug] [2026-04-04T20:29:27.342Z] <<< [apiv2][body] POST https://serviceusage.googleapis.com/v1/projects/restaurant-app-d2fcd/services/sqladmin.googleapis.com:enable [omitted]
[debug] [2026-04-04T20:29:28.144Z] <<< [apiv2][status] POST https://serviceusage.googleapis.com/v1/projects/restaurant-app-d2fcd/services/firebasedataconnect.googleapis.com:enable 200
[debug] [2026-04-04T20:29:28.145Z] <<< [apiv2][body] POST https://serviceusage.googleapis.com/v1/projects/restaurant-app-d2fcd/services/firebasedataconnect.googleapis.com:enable [omitted]
[debug] [2026-04-04T20:29:38.194Z] Checked if tokens are valid: true, expires at: 1775338131468
[debug] [2026-04-04T20:29:38.195Z] Checked if tokens are valid: true, expires at: 1775338131468
[debug] [2026-04-04T20:29:38.195Z] >>> [apiv2][query] GET https://firebasedataconnect.googleapis.com/v1/projects/restaurant-app-d2fcd/locations/-/services [none]
[debug] [2026-04-04T20:29:39.611Z] <<< [apiv2][status] GET https://firebasedataconnect.googleapis.com/v1/projects/restaurant-app-d2fcd/locations/-/services 200
[debug] [2026-04-04T20:29:39.612Z] <<< [apiv2][body] GET https://firebasedataconnect.googleapis.com/v1/projects/restaurant-app-d2fcd/locations/-/services {}
[info] i  : ensuring required API cloudaicompanion.googleapis.com is enabled... 
[debug] [2026-04-04T20:29:45.212Z] Checked if tokens are valid: true, expires at: 1775338131468
[debug] [2026-04-04T20:29:45.213Z] Checked if tokens are valid: true, expires at: 1775338131468
[debug] [2026-04-04T20:29:45.213Z] >>> [apiv2][query] GET https://serviceusage.googleapis.com/v1/projects/restaurant-app-d2fcd/services/cloudaicompanion.googleapis.com [none]
[debug] [2026-04-04T20:29:45.213Z] >>> [apiv2][(partial)header] GET https://serviceusage.googleapis.com/v1/projects/restaurant-app-d2fcd/services/cloudaicompanion.googleapis.com  x-goog-user-project=restaurant-app-d2fcd
[debug] [2026-04-04T20:29:46.389Z] <<< [apiv2][status] GET https://serviceusage.googleapis.com/v1/projects/restaurant-app-d2fcd/services/cloudaicompanion.googleapis.com 200
[debug] [2026-04-04T20:29:46.390Z] <<< [apiv2][body] GET https://serviceusage.googleapis.com/v1/projects/restaurant-app-d2fcd/services/cloudaicompanion.googleapis.com [omitted]
[info] +  : required API cloudaicompanion.googleapis.com is enabled 
[debug] [2026-04-04T20:30:52.736Z] Checked if tokens are valid: true, expires at: 1775338131468
[debug] [2026-04-04T20:30:52.736Z] Checked if tokens are valid: true, expires at: 1775338131468
[debug] [2026-04-04T20:30:52.737Z] >>> [apiv2][query] GET https://cloudbilling.googleapis.com/v1/projects/restaurant-app-d2fcd/billingInfo [none]
[debug] [2026-04-04T20:30:53.359Z] <<< [apiv2][status] GET https://cloudbilling.googleapis.com/v1/projects/restaurant-app-d2fcd/billingInfo 200
[debug] [2026-04-04T20:30:53.359Z] <<< [apiv2][body] GET https://cloudbilling.googleapis.com/v1/projects/restaurant-app-d2fcd/billingInfo {"name":"projects/restaurant-app-d2fcd/billingInfo","projectId":"restaurant-app-d2fcd","billingAccountName":"","billingEnabled":false}
[debug] [2026-04-04T20:30:53.361Z] Checked if tokens are valid: true, expires at: 1775338131468
[debug] [2026-04-04T20:30:53.362Z] Checked if tokens are valid: true, expires at: 1775338131468
[debug] [2026-04-04T20:30:53.362Z] >>> [apiv2][query] GET https://monitoring.googleapis.com/v3/projects/restaurant-app-d2fcd/timeSeries/ filter=metric.type%3D%22serviceruntime.googleapis.com%2Fquota%2Fallocation%2Fusage%22+AND+metric.label.quota_metric+%3D+%22sqladmin.googleapis.com%2Ffdc_lifetime_free_trial_per_project%22&interval.endTime=2026-04-04T20%3A30%3A53.361Z&interval.startTime=2026-03-28T20%3A30%3A53.360Z
[debug] [2026-04-04T20:30:54.664Z] <<< [apiv2][status] GET https://monitoring.googleapis.com/v3/projects/restaurant-app-d2fcd/timeSeries/ 200
[debug] [2026-04-04T20:30:54.664Z] <<< [apiv2][body] GET https://monitoring.googleapis.com/v3/projects/restaurant-app-d2fcd/timeSeries/ {"unit":"1"}
[info] +  dataconnect: CloudSQL no cost trial available! 
[debug] [2026-04-04T20:30:54.666Z] Checked if tokens are valid: true, expires at: 1775338131468
[debug] [2026-04-04T20:30:54.666Z] Checked if tokens are valid: true, expires at: 1775338131468
[debug] [2026-04-04T20:30:54.666Z] >>> [apiv2][query] GET https://sqladmin.googleapis.com/v1/projects/restaurant-app-d2fcd/instances [none]
[debug] [2026-04-04T20:30:55.531Z] <<< [apiv2][status] GET https://sqladmin.googleapis.com/v1/projects/restaurant-app-d2fcd/instances 200
[debug] [2026-04-04T20:30:55.532Z] <<< [apiv2][body] GET https://sqladmin.googleapis.com/v1/projects/restaurant-app-d2fcd/instances {}
[debug] [2026-04-04T20:30:55.532Z] Checked if tokens are valid: true, expires at: 1775338131468
[debug] [2026-04-04T20:30:55.532Z] Checked if tokens are valid: true, expires at: 1775338131468
[debug] [2026-04-04T20:30:55.533Z] >>> [apiv2][query] GET https://firebasedataconnect.googleapis.com/v1/projects/restaurant-app-d2fcd/locations [none]
[debug] [2026-04-04T20:30:56.576Z] <<< [apiv2][status] GET https://firebasedataconnect.googleapis.com/v1/projects/restaurant-app-d2fcd/locations 200
[debug] [2026-04-04T20:30:56.576Z] <<< [apiv2][body] GET https://firebasedataconnect.googleapis.com/v1/projects/restaurant-app-d2fcd/locations {"locations":[{"name":"projects/restaurant-app-d2fcd/locations/asia-east1","locationId":"asia-east1","displayName":"Taiwan"},{"name":"projects/restaurant-app-d2fcd/locations/asia-east2","locationId":"asia-east2","displayName":"Hong Kong"},{"name":"projects/restaurant-app-d2fcd/locations/asia-northeast1","locationId":"asia-northeast1","displayName":"Tokyo"},{"name":"projects/restaurant-app-d2fcd/locations/asia-northeast2","locationId":"asia-northeast2","displayName":"Osaka"},{"name":"projects/restaurant-app-d2fcd/locations/asia-northeast3","locationId":"asia-northeast3","displayName":"Seoul"},{"name":"projects/restaurant-app-d2fcd/locations/asia-south1","locationId":"asia-south1","displayName":"Mumbai"},{"name":"projects/restaurant-app-d2fcd/locations/asia-southeast1","locationId":"asia-southeast1","displayName":"Singapore"},{"name":"projects/restaurant-app-d2fcd/locations/asia-southeast2","locationId":"asia-southeast2","displayName":"Jakarta"},{"name":"projects/restaurant-app-d2fcd/locations/australia-southeast1","locationId":"australia-southeast1","displayName":"Sydney"},{"name":"projects/restaurant-app-d2fcd/locations/australia-southeast2","locationId":"australia-southeast2","displayName":"Melbourne"},{"name":"projects/restaurant-app-d2fcd/locations/europe-central2","locationId":"europe-central2","displayName":"Warsaw"},{"name":"projects/restaurant-app-d2fcd/locations/europe-north1","locationId":"europe-north1","displayName":"Finland"},{"name":"projects/restaurant-app-d2fcd/locations/europe-southwest1","locationId":"europe-southwest1","displayName":"Madrid"},{"name":"projects/restaurant-app-d2fcd/locations/europe-west1","locationId":"europe-west1","displayName":"Belgium"},{"name":"projects/restaurant-app-d2fcd/locations/europe-west2","locationId":"europe-west2","displayName":"London"},{"name":"projects/restaurant-app-d2fcd/locations/europe-west3","locationId":"europe-west3","displayName":"Frankfurt"},{"name":"projects/restaurant-app-d2fcd/locations/europe-west4","locationId":"europe-west4","displayName":"Netherlands"},{"name":"projects/restaurant-app-d2fcd/locations/europe-west6","locationId":"europe-west6","displayName":"Zurich"},{"name":"projects/restaurant-app-d2fcd/locations/europe-west8","locationId":"europe-west8","displayName":"Milan"},{"name":"projects/restaurant-app-d2fcd/locations/europe-west9","locationId":"europe-west9","displayName":"Paris"},{"name":"projects/restaurant-app-d2fcd/locations/me-west1","locationId":"me-west1","displayName":"Tel Aviv"},{"name":"projects/restaurant-app-d2fcd/locations/northamerica-northeast1","locationId":"northamerica-northeast1","displayName":"Montréal"},{"name":"projects/restaurant-app-d2fcd/locations/northamerica-northeast2","locationId":"northamerica-northeast2","displayName":"Toronto"},{"name":"projects/restaurant-app-d2fcd/locations/southamerica-east1","locationId":"southamerica-east1","displayName":"São Paulo"},{"name":"projects/restaurant-app-d2fcd/locations/southamerica-west1","locationId":"southamerica-west1","displayName":"Santiago"},{"name":"projects/restaurant-app-d2fcd/locations/us-central1","locationId":"us-central1","displayName":"Iowa"},{"name":"projects/restaurant-app-d2fcd/locations/us-east1","locationId":"us-east1","displayName":"South Carolina"},{"name":"projects/restaurant-app-d2fcd/locations/us-east4","locationId":"us-east4","displayName":"Northern Virginia"},{"name":"projects/restaurant-app-d2fcd/locations/us-south1","locationId":"us-south1","displayName":"Dallas"},{"name":"projects/restaurant-app-d2fcd/locations/us-west1","locationId":"us-west1","displayName":"Oregon"},{"name":"projects/restaurant-app-d2fcd/locations/us-west2","locationId":"us-west2","displayName":"Los Angeles"},{"name":"projects/restaurant-app-d2fcd/locations/us-west3","locationId":"us-west3","displayName":"Salt Lake City"},{"name":"projects/restaurant-app-d2fcd/locations/us-west4","locationId":"us-west4","displayName":"Las Vegas"}]}
[warn] !  dataconnect: Cannot detect an existing app in the current directory. 
[info] i  dataconnect: > npm create vite@latest web-app -- --template react --no-interactive 
